[2026-03-15 08:15:23.456] INFO: TechCorp Platform - Service Start
[2026-03-15 08:15:24.123] INFO: Database connection pool initialized: 50 connections
[2026-03-15 08:15:25.234] INFO: Redis cache connected: redis://cache-cluster:6379
[2026-03-15 08:15:26.145] INFO: All services initialized successfully

[2026-03-15 08:20:15.234] INFO: User 'john.smith@techcorp.com' logged in
[2026-03-15 08:25:42.123] INFO: Instance creation request received
[2026-03-15 08:25:42.789] INFO: Instance quota available: 8/10 used
[2026-03-15 08:25:43.012] INFO: Instance launched: i-0a7f3c9e2b1d4f5a
[2026-03-15 08:30:01.234] DEBUG: Health check - Database: OK (12ms)
[2026-03-15 08:30:01.567] DEBUG: Health check - Cache: OK (5ms)

[2026-03-15 08:35:15.234] WARN: Slow query detected
[2026-03-15 08:35:15.345] WARN: Query execution time: 2543ms
[2026-03-15 08:40:30.234] INFO: Database backup initiated
[2026-03-15 08:41:15.789] INFO: Database backup completed successfully (1.2 GB)
[2026-03-15 08:45:45.234] INFO: API key generated: sk_prod_7d3e8f2a9c1b4a6d

[2026-03-15 08:50:12.234] ERROR: Failed to connect to storage service
[2026-03-15 08:50:12.456] ERROR: Connection timeout after 30 seconds
[2026-03-15 08:50:17.012] INFO: Storage service connection recovered

[2026-03-15 09:00:00.234] INFO: Scheduled maintenance window: 1 hour
[2026-03-15 09:00:00.567] INFO: Services in degraded mode
[2026-03-15 09:01:15.234] INFO: Maintenance completed successfully
[2026-03-15 09:05:30.234] INFO: Billing cycle completed for company 542 (ACME Corp)
[2026-03-15 09:05:30.789] DEBUG: Total charges: $2,847.53
[2026-03-15 09:10:45.567] DEBUG: Total requests: 45,678
[2026-03-15 09:10:45.891] DEBUG: Average response time: 134ms
[2026-03-15 09:15:00.234] INFO: Nightly backup routine initiated
[2026-03-15 09:30:15.891] INFO: Backup process completed successfully
